butterfly 1 File:ComputerHotline - Danaus plexippus (by) (3).jpg
butterfly 2 File:Danaus plexippus (7).jpg
butterfly 3 File:Monarch butterflies (Danaus plexippus plexippus) Piedra Herrada 2.jpg
butterfly 4 File:Monarch Butterfly Danaus plexippus Tagged Closeup 3008px.jpg
butterfly 5 File:2012-07-20 15-16-40-Danaus plexippus.jpg
butterfly 6 File:Male monarch butterfly (Danaus plexippus), about to take first flight.jpg
butterfly 7 File:Mariposa monarca (Danaus plexippus), Jardín Botánico de Múnich, Alemania, 2013-01-27, DD 01.JPG
butterfly 8 File:Danaus plexippus (6).jpg
butterfly 9 File:Monarch (Danaus plexippus plexippus) underside Piedra Herrada.jpg
butterfly 10 File:2012-07-20 15-33-07-Danaus plexippus.jpg
butterfly 11 File:Danaus plexippus in Secret Woods.JPG
butterfly 12 File:Mariposa monarca (Danaus plexippus), Jardín Botánico de Múnich, Alemania, 2013-01-27, DD 02.JPG
butterfly 13 File:Danaus plexippus (2).jpg
butterfly 14 File:2012-07-20 15-33-53-Danaus plexippus.jpg
butterfly 15 File:Monarch butterflies (Danaus plexippus plexippus) Piedra Herrada.jpg
butterfly 16 File:Monarch butterflies (Danaus plexippus plexippus) on Oyamel fir (Abies religiosa) Piedra Herrada.jpg
butterfly 17 File:Monarch - Danaus plexippus, Bles Park, Ashburn, Virginia.jpg
butterfly 18 File:Danaus plexippus Monarch on Xanthorrhoea johnsonii inflorescence 74 Sunbury St Geebung P1100185.jpg
butterfly 19 File:Starr-101228-6047-Ocimum basilicum-Monarch butterfly Danaus plexippus visiting flowers-Honokanaia-Kahoolawe (24763773720).jpg
butterfly 20 File:Danaus plexippus (monarch butterfly in flight) (Newark, Ohio, USA) (36236212880).jpg
butterfly 21 File:201611 danaus plexippus.png
butterfly 22 File:2013-04-30 13-52-52-Danaus-plexippus.jpg
butterfly 23 File:Danaus plexippus P1090775a.jpg
butterfly 24 File:Danaus plexippus 148zz.jpg
butterfly 25 File:Danaus Plexippus in Smithsonian 3.JPG
butterfly 26 File:Monarch - Danaus plexippus, Occoquan Regional Park, Lorton, Virginia (38373281696).jpg
butterfly 27 File:Danaus plexippus Monarch on Xanthorrhoea johnsonii inflorescence 74 Sunbury St Geebung P1100220.jpg
butterfly 28 File:White Monarch - Danaus plexippus nivosus, Herndon, Virginia - 20747803185.jpg
butterfly 29 File:Danaus plexippus Monarch on Xanthorrhoea johnsonii inflorescence 74 Sunbury St Geebung P1100198.jpg
butterfly 30 File:Danaus plexippus on Asclepias incarnata 4987.jpg
butterfly 31 File:Monarch - Danaus plexippus, Herndon, Virginia (36983605866).jpg
butterfly 32 File:Starr-101228-6048-Ocimum basilicum-Monarch butterfly Danaus plexippus visiting flowers-Honokanaia-Kahoolawe (24966082381).jpg
butterfly 33 File:Monarch - Danaus plexippus, Meadowood Farm SRMA, Mason Neck, Virginia (35721532092).jpg
butterfly 34 File:Danaus plexippus Monarch and Tetragonula carbonaria Sugarbag bee on Xanthorrhoea johnsonii inflorescence 74 Sunbury St Geebung P1100204.jpg
butterfly 35 File:Monarch Butterfly Danaus plexippus Male on Red Clover Red Clover Trifolium pratense 3936.jpg
butterfly 36 File:Danaus plexippus.JPG
butterfly 37 File:Danaus plexippus 161367323.jpg
butterfly 38 File:Monarch (Danaus plexippus) (7174004787).jpg
butterfly 39 File:Danaus plexippus 0zz.jpg
butterfly 40 File:Monarch (Danaus plexippus) - Mississauga, Ontario.jpg
butterfly 41 File:Monarch Butterfly (Danaus plexippus) - Guelph, Ontario.jpg
butterfly 42 File:Danaus plexippus Monarch and Tetragonula carbonaria Sugarbag bee on Xanthorrhoea johnsonii inflorescence 74 Sunbury St Geebung P1100215.jpg
butterfly 43 File:Danaus Plexippus nectaring.jpg
butterfly 44 File:Monarch - Danaus plexippus, Meadowood SRMA, Mason Neck, Virginia, September 1, 2021 (52113198340).jpg
butterfly 45 File:Monarch - Danaus plexippus on Tropical Milkweed, Fairchild Tropical Gardens, Coral Gables, Florida (32541189156).jpg
dragonfly 1 File:Anax imperator qtl2.jpg
dragonfly 2 File:Libelule-Anax imperator-femelle-Hamois-Luc-Viatour.jpg
dragonfly 3 File:Anax Imperator 2(loz).JPG
dragonfly 4 File:Anax imperator 2015 11 23 6807.jpg
dragonfly 5 File:Emperor dragonfly (Anax imperator) female.JPG
dragonfly 6 File:Anax imperator-pjt.jpg
dragonfly 7 File:Anax imperator qtl3.jpg
dragonfly 8 File:Anax imperator qtl7.jpg
dragonfly 9 File:Bayerischer Spessart Naturpark, Große Königslibelle (Anax imperator).jpg
dragonfly 10 File:Anax imperator Ymerawdwr.jpg
dragonfly 11 File:Anax imperator Große Königslibelle-3858.jpg
dragonfly 12 File:Emperor dragonfly (Anax imperator) male 2.jpg
dragonfly 13 File:Anax imperator qtl1.jpg
dragonfly 14 File:Emperor dragonfly (Anax imperator) male in flight Malta.jpg
dragonfly 15 File:Anax imperator 1.jpg
dragonfly 16 File:Blue Emperor male . Anax imperator (35667739312).jpg
dragonfly 17 File:Anax imperator female.jpg
dragonfly 18 File:Blue Emperor. Anax Imperator. head detail - Flickr - gailhampshire.jpg
dragonfly 19 File:Anax imperator CBMen 4.jpg
dragonfly 20 File:Anax imperator male.jpg
dragonfly 21 File:Anax imperator 52.jpg
dragonfly 22 File:Anax imperator (3363887500).jpg
dragonfly 23 File:Anax imperator qtl5.jpg
dragonfly 24 File:Anax imperator CBMen 3.jpg
dragonfly 25 File:Anax imperator (20510469152).jpg
dragonfly 26 File:Anax imperator (Emperor Dragonfly) male, Nijmegen, the Netherlands.jpg
dragonfly 27 File:Anax imperator 2.jpg
dragonfly 28 File:Anax imperator f3.JPG
dragonfly 29 File:Anax imperator 01.jpg
dragonfly 30 File:Anax imperator IMG 4961.jpg
dragonfly 31 File:Emperor Dragonfly (Anax imperator) male resting ... (34855626373).jpg
dragonfly 32 File:Anax imperator; emperor dragonfly; Grote keizerlibel 03.jpg
dragonfly 33 File:Anax imperator 33.jpg
dragonfly 34 File:Anax imperator 48.jpg
dragonfly 35 File:Anax imperator male Weinsberg 20070616.jpg
dragonfly 36 File:Blue Emperors ( Anax imperator) mating (51833894448).jpg
dragonfly 37 File:Blue Emperor. Anax Imperator. - Flickr - gailhampshire.jpg
dragonfly 38 File:Blue Emperor. Anax imperator - Flickr - gailhampshire.jpg
dragonfly 39 File:Anax imperator 019618-2.jpg
dragonfly 40 File:Anax imperator 435.jpg
dragonfly 41 File:Anax imperator 9.jpg
dragonfly 42 File:Anax imperator 7.jpg
dragonfly 43 File:Blue Emperor. Anax Imperator (30587411864).jpg
dragonfly 44 File:Anax imperator ymerawdwr.jpg
dragonfly 45 File:Anax imperator qtl4.jpg
ladybird 1 File:Coccinella septempunctata Luc Viatour.JPG
ladybird 2 File:Coccinella septempunctata couple (aka).jpg
ladybird 3 File:Siebenpunkt-Marienkäfer (Coccinella septempunctata) auf Blüte im FFH-Gebiet "Viernheimer Waldheide und angrenzende Flächen".jpg
ladybird 4 File:P1170487 Coccinella septempunctata.jpg
ladybird 5 File:Seven-spotted ladybug (Coccinella septempunctata).jpg
ladybird 6 File:20220623 Coccinella septempunctata.jpg
ladybird 7 File:Seven Spotted-Ladybug - Coccinella septempunctata.jpg
ladybird 8 File:20210409 Coccinella septempunctata 01.jpg
ladybird 9 File:Coccinella septempunctata qtl1.jpg
ladybird 10 File:Bombus terrestris and Coccinella septempunctata on Cirsium vulgare A 2010-08-02 HPB.jpg
ladybird 11 File:Coccinella septempunctata - Flickr - S. Rae (3).jpg
ladybird 12 File:Coccinella septempunctata at Bank Hall Bretherton.jpg
ladybird 13 File:Coccinella septempunctata (5064585740).jpg
ladybird 14 File:Coccinella septempunctata, Sandy, Bedfordshire (7183427178).jpg
ladybird 15 File:Coccinella septempunctata (17017111252).jpg
ladybird 16 File:Coccinella septempunctata, Sandy, Bedfordshire (14085760283).jpg
ladybird 17 File:Coccinella septempunctata TP02.jpg
ladybird 18 File:Sevenspotted Ladybird (Coccinella septempunctata) (30948769958).jpg
ladybird 19 File:Siebenpunkt-Marienkaefer, coccinella septempunctata 2.jpg
ladybird 20 File:Coccinella septempunctata 2021-03-31 5136.jpg
ladybird 21 File:Coccinella septempunctata Ladybird PiotrCzekala 02.jpg
ladybird 22 File:Coccinella septempunctata 7809.JPG
ladybird 23 File:Coccinella septempunctata on Cirsium vulgare 2010-08-02 HPB.jpg
ladybird 24 File:Coccinella septempunctata, Nea Makri, Greece.jpg
ladybird 25 File:Coccinella septempunctata (5492058104).jpg
ladybird 26 File:Coccinella septempunctata, Sandy Bedfordshire (6601729703).jpg
ladybird 27 File:Noordwijk - Zevenstippelig lieveheersbeestje (Coccinella septempunctata).jpg
ladybird 28 File:Coccinella-septempunctata-05-fws.jpg
ladybird 29 File:Coccinella-septempunctata-10-fws.jpg
ladybird 30 File:Coccinella septempunctata 195716334.jpg
ladybird 31 File:Coccinella septempunctata 03.2026 (2).jpg
ladybird 32 File:Coccinella septempunctata 117254759.jpg
ladybird 33 File:Coccinella-septempunctata-16-fws.jpg
ladybird 34 File:Coccinella-septempunctata-12-fws.jpg
ladybird 35 File:Noordwijk - Zevenstippelig lieveheersbeestje (Coccinella septempunctata) op blad.jpg
ladybird 36 File:Coccinella septempunctata 189872785.jpg
ladybird 37 File:2009-09-26 (4) Beetle, Siebenpunkt, Coccinella septempunctata.JPG
ladybird 38 File:Coccinella-septempunctata-07-fws.jpg
ladybird 39 File:Seven-spotted ladybug - Coccinella septempunctata (48756807402).jpg
ladybird 40 File:Coccinella septempunctata in Aveyron (1).jpg
ladybird 41 File:Coccinella-septempunctata-06-fws.jpg
ladybird 42 File:Coccinella septempunctata (2129060429).jpg
ladybird 43 File:Coccinella septempunctata - front (aka).jpg
ladybird 44 File:Coccinella septempunctata 7814.JPG
ladybird 45 File:Coccinella septempunctata 177585519.jpg
Collected 135
